kotlin version: 2.2.10
error message: java.lang.RuntimeException: Exception while generating code for:
FUN LOCAL_FUNCTION_FOR_LAMBDA name:uninstallLauncherItem$lambda$648 visibility:private modality:FINAL returnType:kotlin.Unit
  VALUE_PARAMETER BOUND_VALUE_PARAMETER kind:Regular name:$launcherItem index:0 type:com.cloudx.ios17.core.database.model.LauncherItem
  VALUE_PARAMETER BOUND_VALUE_PARAMETER kind:Regular name:this$0 index:1 type:com.cloudx.ios17.features.launcher.LauncherActivity
  VALUE_PARAMETER BOUND_VALUE_PARAMETER kind:Regular name:$blissFrameLayout index:2 type:com.cloudx.ios17.core.customviews.BlissFrameLayout
  VALUE_PARAMETER UNDERSCORE_PARAMETER kind:Regular name:<unused var> index:3 type:@[FlexibleNullability] android.content.DialogInterface?
  VALUE_PARAMETER UNDERSCORE_PARAMETER kind:Regular name:<unused var> index:4 type:kotlin.Int
  BLOCK_BODY
    VAR name:shortcut type:com.cloudx.ios17.core.database.model.ShortcutItem [val]
      BLOCK type=com.cloudx.ios17.core.database.model.ShortcutItem origin=null
        CALL 'public final fun checkNotNull (object: kotlin.Any?, message: kotlin.String): kotlin.Unit declared in kotlin.jvm.internal.Intrinsics' type=kotlin.Unit origin=null
          ARG object: GET_VAR '$launcherItem: com.cloudx.ios17.core.database.model.LauncherItem declared in com.cloudx.ios17.features.launcher.LauncherActivity.uninstallLauncherItem$lambda$648' type=com.cloudx.ios17.core.database.model.LauncherItem origin=null
          ARG message: CONST String type=kotlin.String value="null cannot be cast to non-null type com.cloudx.ios17.core.database.model.ShortcutItem"
        TYPE_OP type=com.cloudx.ios17.core.database.model.ShortcutItem? origin=CAST typeOperand=com.cloudx.ios17.core.database.model.ShortcutItem?
          GET_VAR '$launcherItem: com.cloudx.ios17.core.database.model.LauncherItem declared in com.cloudx.ios17.features.launcher.LauncherActivity.uninstallLauncherItem$lambda$648' type=com.cloudx.ios17.core.database.model.LauncherItem origin=null
    WHEN type=kotlin.Unit origin=IF
      BRANCH
        if: CALL 'public final fun not (): kotlin.Boolean [operator] declared in kotlin.Boolean' type=kotlin.Boolean origin=EXCLEQ
          ARG <this>: CALL 'public final fun EQEQ (arg0: kotlin.Any?, arg1: kotlin.Any?): kotlin.Boolean declared in kotlin.internal.ir' type=kotlin.Boolean origin=EXCLEQ
            ARG arg0: GET_FIELD 'FIELD PROPERTY_BACKING_FIELD name:packageName type:kotlin.String? visibility:public' type=kotlin.String? origin=null
              receiver: GET_VAR 'val shortcut: com.cloudx.ios17.core.database.model.ShortcutItem [val] declared in com.cloudx.ios17.features.launcher.LauncherActivity.uninstallLauncherItem$lambda$648' type=com.cloudx.ios17.core.database.model.ShortcutItem origin=null
            ARG arg1: CONST Null type=kotlin.Nothing? value=null
        then: BLOCK type=kotlin.Unit origin=null
          CALL 'public final fun unpinShortcut (key: com.cloudx.ios17.features.shortcuts.ShortcutKey): kotlin.Unit declared in com.cloudx.ios17.features.shortcuts.DeepShortcutManager' type=kotlin.Unit origin=null
            ARG <this>: CALL 'public final fun getInstance (context: android.content.Context): com.cloudx.ios17.features.shortcuts.DeepShortcutManager declared in com.cloudx.ios17.features.shortcuts.DeepShortcutManager.Companion' type=com.cloudx.ios17.features.shortcuts.DeepShortcutManager origin=null
              ARG <this>: GET_FIELD 'FIELD FIELD_FOR_OBJECT_INSTANCE name:Companion type:com.cloudx.ios17.features.shortcuts.DeepShortcutManager.Companion visibility:public [final,static] declared in com.cloudx.ios17.features.shortcuts.DeepShortcutManager' type=com.cloudx.ios17.features.shortcuts.DeepShortcutManager.Companion origin=null
              ARG context: GET_VAR 'this$0: com.cloudx.ios17.features.launcher.LauncherActivity declared in com.cloudx.ios17.features.launcher.LauncherActivity.uninstallLauncherItem$lambda$648' type=com.cloudx.ios17.features.launcher.LauncherActivity origin=null
            ARG key: CALL 'public final fun fromItem (shortcutItem: com.cloudx.ios17.core.database.model.ShortcutItem): com.cloudx.ios17.features.shortcuts.ShortcutKey declared in com.cloudx.ios17.features.shortcuts.ShortcutKey.Companion' type=com.cloudx.ios17.features.shortcuts.ShortcutKey origin=null
              ARG <this>: GET_FIELD 'FIELD FIELD_FOR_OBJECT_INSTANCE name:Companion type:com.cloudx.ios17.features.shortcuts.ShortcutKey.Companion visibility:public [final,static] declared in com.cloudx.ios17.features.shortcuts.ShortcutKey' type=com.cloudx.ios17.features.shortcuts.ShortcutKey.Companion origin=null
              ARG shortcutItem: GET_VAR 'val shortcut: com.cloudx.ios17.core.database.model.ShortcutItem [val] declared in com.cloudx.ios17.features.launcher.LauncherActivity.uninstallLauncherItem$lambda$648' type=com.cloudx.ios17.core.database.model.ShortcutItem origin=null
          WHEN type=kotlin.Unit origin=IF
            BRANCH
              if: CALL 'public final fun wasLastCallSuccess (): kotlin.Boolean declared in com.cloudx.ios17.features.shortcuts.DeepShortcutManager' type=kotlin.Boolean origin=null
                ARG <this>: CALL 'public final fun getInstance (context: android.content.Context): com.cloudx.ios17.features.shortcuts.DeepShortcutManager declared in com.cloudx.ios17.features.shortcuts.DeepShortcutManager.Companion' type=com.cloudx.ios17.features.shortcuts.DeepShortcutManager origin=null
                  ARG <this>: GET_FIELD 'FIELD FIELD_FOR_OBJECT_INSTANCE name:Companion type:com.cloudx.ios17.features.shortcuts.DeepShortcutManager.Companion visibility:public [final,static] declared in com.cloudx.ios17.features.shortcuts.DeepShortcutManager' type=com.cloudx.ios17.features.shortcuts.DeepShortcutManager.Companion origin=null
                  ARG context: GET_VAR 'this$0: com.cloudx.ios17.features.launcher.LauncherActivity declared in com.cloudx.ios17.features.launcher.LauncherActivity.uninstallLauncherItem$lambda$648' type=com.cloudx.ios17.features.launcher.LauncherActivity origin=null
              then: BLOCK type=kotlin.Unit origin=null
                CALL 'private final fun deleteShortcutFromProvider (id: kotlin.String): kotlin.Unit declared in com.cloudx.ios17.features.launcher.LauncherActivity' type=kotlin.Unit origin=null
                  ARG <this>: GET_VAR 'this$0: com.cloudx.ios17.features.launcher.LauncherActivity declared in com.cloudx.ios17.features.launcher.LauncherActivity.uninstallLauncherItem$lambda$648' type=com.cloudx.ios17.features.launcher.LauncherActivity origin=null
                  ARG id: GET_FIELD 'FIELD PROPERTY_BACKING_FIELD name:id type:kotlin.String visibility:public' type=kotlin.String origin=null
                    receiver: GET_VAR 'val shortcut: com.cloudx.ios17.core.database.model.ShortcutItem [val] declared in com.cloudx.ios17.features.launcher.LauncherActivity.uninstallLauncherItem$lambda$648' type=com.cloudx.ios17.core.database.model.ShortcutItem origin=null
                CALL 'private final fun removeShortcutView (shortcutItem: com.cloudx.ios17.core.database.model.ShortcutItem, blissFrameLayout: com.cloudx.ios17.core.customviews.BlissFrameLayout): kotlin.Unit declared in com.cloudx.ios17.features.launcher.LauncherActivity' type=kotlin.Unit origin=null
                  ARG <this>: GET_VAR 'this$0: com.cloudx.ios17.features.launcher.LauncherActivity declared in com.cloudx.ios17.features.launcher.LauncherActivity.uninstallLauncherItem$lambda$648' type=com.cloudx.ios17.features.launcher.LauncherActivity origin=null
                  ARG shortcutItem: GET_VAR 'val shortcut: com.cloudx.ios17.core.database.model.ShortcutItem [val] declared in com.cloudx.ios17.features.launcher.LauncherActivity.uninstallLauncherItem$lambda$648' type=com.cloudx.ios17.core.database.model.ShortcutItem origin=null
                  ARG blissFrameLayout: GET_VAR '$blissFrameLayout: com.cloudx.ios17.core.customviews.BlissFrameLayout declared in com.cloudx.ios17.features.launcher.LauncherActivity.uninstallLauncherItem$lambda$648' type=com.cloudx.ios17.core.customviews.BlissFrameLayout origin=null
      BRANCH
        if: CONST Boolean type=kotlin.Boolean value=true
        then: BLOCK type=kotlin.Unit origin=null
          CALL 'private final fun deleteShortcutFromProvider (id: kotlin.String): kotlin.Unit declared in com.cloudx.ios17.features.launcher.LauncherActivity' type=kotlin.Unit origin=null
            ARG <this>: GET_VAR 'this$0: com.cloudx.ios17.features.launcher.LauncherActivity declared in com.cloudx.ios17.features.launcher.LauncherActivity.uninstallLauncherItem$lambda$648' type=com.cloudx.ios17.features.launcher.LauncherActivity origin=null
            ARG id: GET_FIELD 'FIELD PROPERTY_BACKING_FIELD name:id type:kotlin.String visibility:public' type=kotlin.String origin=null
              receiver: GET_VAR 'val shortcut: com.cloudx.ios17.core.database.model.ShortcutItem [val] declared in com.cloudx.ios17.features.launcher.LauncherActivity.uninstallLauncherItem$lambda$648' type=com.cloudx.ios17.core.database.model.ShortcutItem origin=null
          CALL 'private final fun removeShortcutView (shortcutItem: com.cloudx.ios17.core.database.model.ShortcutItem, blissFrameLayout: com.cloudx.ios17.core.customviews.BlissFrameLayout): kotlin.Unit declared in com.cloudx.ios17.features.launcher.LauncherActivity' type=kotlin.Unit origin=null
            ARG <this>: GET_VAR 'this$0: com.cloudx.ios17.features.launcher.LauncherActivity declared in com.cloudx.ios17.features.launcher.LauncherActivity.uninstallLauncherItem$lambda$648' type=com.cloudx.ios17.features.launcher.LauncherActivity origin=null
            ARG shortcutItem: GET_VAR 'val shortcut: com.cloudx.ios17.core.database.model.ShortcutItem [val] declared in com.cloudx.ios17.features.launcher.LauncherActivity.uninstallLauncherItem$lambda$648' type=com.cloudx.ios17.core.database.model.ShortcutItem origin=null
            ARG blissFrameLayout: GET_VAR '$blissFrameLayout: com.cloudx.ios17.core.customviews.BlissFrameLayout declared in com.cloudx.ios17.features.launcher.LauncherActivity.uninstallLauncherItem$lambda$648' type=com.cloudx.ios17.core.customviews.BlissFrameLayout origin=null

	at org.jetbrains.kotlin.backend.jvm.codegen.FunctionCodegen.generate(FunctionCodegen.kt:50)
	at org.jetbrains.kotlin.backend.jvm.codegen.FunctionCodegen.generate$default(FunctionCodegen.kt:43)
	at org.jetbrains.kotlin.backend.jvm.codegen.ClassCodegen.generateMethodNode(ClassCodegen.kt:422)
	at org.jetbrains.kotlin.backend.jvm.codegen.ClassCodegen.generateMethod(ClassCodegen.kt:439)
	at org.jetbrains.kotlin.backend.jvm.codegen.ClassCodegen.generate(ClassCodegen.kt:164)
	at org.jetbrains.kotlin.backend.jvm.JvmIrCodegenFactory.generateFile(JvmIrCodegenFactory.kt:419)
	at org.jetbrains.kotlin.backend.jvm.JvmIrCodegenFactory.invokeCodegen(JvmIrCodegenFactory.kt:388)
	at org.jetbrains.kotlin.cli.jvm.compiler.KotlinToJVMBytecodeCompiler.runCodegen$cli(KotlinToJVMBytecodeCompiler.kt:431)
	at org.jetbrains.kotlin.cli.pipeline.jvm.JvmBackendPipelinePhase.executePhase(JvmBackendPipelinePhase.kt:95)
	at org.jetbrains.kotlin.cli.pipeline.jvm.JvmBackendPipelinePhase.executePhase(JvmBackendPipelinePhase.kt:36)
	at org.jetbrains.kotlin.cli.pipeline.jvm.JvmBackendPipelinePhase.executePhase(JvmBackendPipelinePhase.kt:29)
	at org.jetbrains.kotlin.cli.pipeline.PipelinePhase.phaseBody(PipelinePhase.kt:68)
	at org.jetbrains.kotlin.cli.pipeline.PipelinePhase.phaseBody(PipelinePhase.kt:58)
	at org.jetbrains.kotlin.config.phaser.NamedCompilerPhase.invoke(CompilerPhase.kt:102)
	at org.jetbrains.kotlin.backend.common.phaser.CompositePhase.invoke(PhaseBuilders.kt:22)
	at org.jetbrains.kotlin.config.phaser.CompilerPhaseKt.invokeToplevel(CompilerPhase.kt:53)
	at org.jetbrains.kotlin.cli.pipeline.AbstractCliPipeline.runPhasedPipeline(AbstractCliPipeline.kt:109)
	at org.jetbrains.kotlin.cli.pipeline.AbstractCliPipeline.execute(AbstractCliPipeline.kt:68)
	at org.jetbrains.kotlin.cli.jvm.K2JVMCompiler.doExecutePhased(K2JVMCompiler.kt:78)
	at org.jetbrains.kotlin.cli.jvm.K2JVMCompiler.doExecutePhased(K2JVMCompiler.kt:44)
	at org.jetbrains.kotlin.cli.common.CLICompiler.execImpl(CLICompiler.kt:90)
	at org.jetbrains.kotlin.cli.common.CLICompiler.exec(CLICompiler.kt:352)
	at org.jetbrains.kotlin.incremental.IncrementalJvmCompilerRunnerBase.runCompiler(IncrementalJvmCompilerRunnerBase.kt:175)
	at org.jetbrains.kotlin.incremental.IncrementalJvmCompilerRunnerBase.runCompiler(IncrementalJvmCompilerRunnerBase.kt:38)
	at org.jetbrains.kotlin.incremental.IncrementalCompilerRunner.doCompile(IncrementalCompilerRunner.kt:504)
	at org.jetbrains.kotlin.incremental.IncrementalCompilerRunner.compileImpl(IncrementalCompilerRunner.kt:421)
	at org.jetbrains.kotlin.incremental.IncrementalCompilerRunner.tryCompileIncrementally$lambda$10$compile(IncrementalCompilerRunner.kt:254)
	at org.jetbrains.kotlin.incremental.IncrementalCompilerRunner.tryCompileIncrementally(IncrementalCompilerRunner.kt:272)
	at org.jetbrains.kotlin.incremental.IncrementalCompilerRunner.compile(IncrementalCompilerRunner.kt:124)
	at org.jetbrains.kotlin.daemon.CompileServiceImplBase.execIncrementalCompiler(CompileServiceImpl.kt:679)
	at org.jetbrains.kotlin.daemon.CompileServiceImplBase.access$execIncrementalCompiler(CompileServiceImpl.kt:93)
	at org.jetbrains.kotlin.daemon.CompileServiceImpl.compile(CompileServiceImpl.kt:1806)
	at java.base/jdk.internal.reflect.DirectMethodHandleAccessor.invoke(DirectMethodHandleAccessor.java:103)
	at java.base/java.lang.reflect.Method.invoke(Method.java:580)
	at java.rmi/sun.rmi.server.UnicastServerRef.dispatch(UnicastServerRef.java:360)
	at java.rmi/sun.rmi.transport.Transport$1.run(Transport.java:200)
	at java.rmi/sun.rmi.transport.Transport$1.run(Transport.java:197)
	at java.base/java.security.AccessController.doPrivileged(AccessController.java:714)
	at java.rmi/sun.rmi.transport.Transport.serviceCall(Transport.java:196)
	at java.rmi/sun.rmi.transport.tcp.TCPTransport.handleMessages(TCPTransport.java:598)
	at java.rmi/sun.rmi.transport.tcp.TCPTransport$ConnectionHandler.run0(TCPTransport.java:844)
	at java.rmi/sun.rmi.transport.tcp.TCPTransport$ConnectionHandler.lambda$run$0(TCPTransport.java:721)
	at java.base/java.security.AccessController.doPrivileged(AccessController.java:400)
	at java.rmi/sun.rmi.transport.tcp.TCPTransport$ConnectionHandler.run(TCPTransport.java:720)
	at java.base/java.util.concurrent.ThreadPoolExecutor.runWorker(ThreadPoolExecutor.java:1144)
	at java.base/java.util.concurrent.ThreadPoolExecutor$Worker.run(ThreadPoolExecutor.java:642)
	at java.base/java.lang.Thread.run(Thread.java:1583)
Caused by: java.io.FileNotFoundException: /Users/hiepdang26/Documents/Workspace/AndroidProject/IOSLauncher/ios17launcher/build/intermediates/built_in_kotlinc/debug/compileDebugKotlin/classes/com/cloudx/ios17/core/utils/ComponentKey.class (No such file or directory)
	at java.base/java.io.FileInputStream.open0(Native Method)
	at java.base/java.io.FileInputStream.open(FileInputStream.java:213)
	at java.base/java.io.FileInputStream.<init>(FileInputStream.java:152)
	at org.jetbrains.kotlin.com.intellij.openapi.util.io.FileUtil.loadFileBytes(FileUtil.java:187)
	at org.jetbrains.kotlin.cli.common.localfs.KotlinLocalVirtualFile.contentsToByteArray(KotlinLocalVirtualFile.kt:108)
	at org.jetbrains.kotlin.cli.jvm.compiler.KotlinCliJavaFileManagerImpl.findClass(KotlinCliJavaFileManagerImpl.kt:148)
	at org.jetbrains.kotlin.resolve.jvm.KotlinJavaPsiFacade$CliFinder.findClass(KotlinJavaPsiFacade.java:538)
	at org.jetbrains.kotlin.resolve.jvm.KotlinJavaPsiFacade.findClass(KotlinJavaPsiFacade.java:181)
	at org.jetbrains.kotlin.load.java.JavaClassFinderImpl.findClass(JavaClassFinderImpl.kt:46)
	at org.jetbrains.kotlin.fir.java.FirJavaFacade.findClass(FirJavaFacade.kt:74)
	at org.jetbrains.kotlin.fir.java.deserialization.JvmClassFileBasedSymbolProvider.extractClassMetadata(JvmClassFileBasedSymbolProvider.kt:178)
	at org.jetbrains.kotlin.fir.deserialization.AbstractFirDeserializedSymbolProvider.findAndDeserializeClass(AbstractFirDeserializedSymbolProvider.kt:229)
	at org.jetbrains.kotlin.fir.deserialization.AbstractFirDeserializedSymbolProvider.classCache$lambda$5(AbstractFirDeserializedSymbolProvider.kt:163)
	at org.jetbrains.kotlin.fir.caches.FirThreadUnsafeCacheWithPostCompute.getValue(FirThreadUnsafeCachesFactory.kt:75)
	at org.jetbrains.kotlin.fir.deserialization.AbstractFirDeserializedSymbolProvider.getClass(AbstractFirDeserializedSymbolProvider.kt:315)
	at org.jetbrains.kotlin.fir.deserialization.AbstractFirDeserializedSymbolProvider.getClass$default(AbstractFirDeserializedSymbolProvider.kt:298)
	at org.jetbrains.kotlin.fir.deserialization.AbstractFirDeserializedSymbolProvider.getClassLikeSymbolByClassId(AbstractFirDeserializedSymbolProvider.kt:372)
	at org.jetbrains.kotlin.fir.resolve.providers.impl.FirCachingCompositeSymbolProvider.computeClass(FirCachingCompositeSymbolProvider.kt:147)
	at org.jetbrains.kotlin.fir.resolve.providers.impl.FirCachingCompositeSymbolProvider.access$computeClass(FirCachingCompositeSymbolProvider.kt:27)
	at org.jetbrains.kotlin.fir.resolve.providers.impl.FirCachingCompositeSymbolProvider$special$$inlined$createCache$1.invoke(FirCachesFactory.kt:163)
	at org.jetbrains.kotlin.fir.resolve.providers.impl.FirCachingCompositeSymbolProvider$special$$inlined$createCache$1.invoke(FirCachesFactory.kt:147)
	at org.jetbrains.kotlin.fir.caches.FirThreadUnsafeCache.getValue(FirThreadUnsafeCachesFactory.kt:57)
	at org.jetbrains.kotlin.fir.resolve.providers.impl.FirCachingCompositeSymbolProvider.getClassLikeSymbolByClassId(FirCachingCompositeSymbolProvider.kt:174)
	at org.jetbrains.kotlin.fir.resolve.ToSymbolUtilsKt.toSymbol(ToSymbolUtils.kt:57)
	at org.jetbrains.kotlin.fir.resolve.ToSymbolUtilsKt.toSymbol(ToSymbolUtils.kt:33)
	at org.jetbrains.kotlin.fir.backend.Fir2IrTypeConverter.toIrType(Fir2IrTypeConverter.kt:120)
	at org.jetbrains.kotlin.fir.backend.Fir2IrTypeConverter.toIrType$default(Fir2IrTypeConverter.kt:99)
	at org.jetbrains.kotlin.fir.backend.Fir2IrTypeConverter.toIrType(Fir2IrTypeConverter.kt:86)
	at org.jetbrains.kotlin.fir.backend.Fir2IrTypeConverterKt.toIrType(Fir2IrTypeConverter.kt:370)
	at org.jetbrains.kotlin.fir.backend.Fir2IrTypeConverterKt.toIrType$default(Fir2IrTypeConverter.kt:365)
	at org.jetbrains.kotlin.fir.lazy.Fir2IrLazyClass.superTypes_delegate$lambda$3(Fir2IrLazyClass.kt:130)
	at org.jetbrains.kotlin.ir.declarations.lazy.SynchronizedLazyVar.getValue(lazyUtil.kt:29)
	at org.jetbrains.kotlin.ir.declarations.lazy.SynchronizedLazyVar.getValue(lazyUtil.kt:40)
	at org.jetbrains.kotlin.fir.lazy.Fir2IrLazyClass.getSuperTypes(Fir2IrLazyClass.kt:129)
	at org.jetbrains.kotlin.backend.jvm.codegen.IrCodegenUtilsKt.getReifiedTypeParameters(irCodegenUtils.kt:342)
	at org.jetbrains.kotlin.backend.jvm.codegen.ExpressionCodegen.putNeedClassReificationMarker(ExpressionCodegen.kt:959)
	at org.jetbrains.kotlin.backend.jvm.codegen.ExpressionCodegen.visitFieldAccess(ExpressionCodegen.kt:840)
	at org.jetbrains.kotlin.backend.jvm.codegen.ExpressionCodegen.visitFieldAccess(ExpressionCodegen.kt:135)
	at org.jetbrains.kotlin.ir.visitors.IrVisitor.visitGetField(IrVisitor.kt:212)
	at org.jetbrains.kotlin.ir.expressions.IrGetField.accept(IrGetField.kt:19)
	at org.jetbrains.kotlin.backend.jvm.codegen.ExpressionCodegen.gen(ExpressionCodegen.kt:214)
	at org.jetbrains.kotlin.backend.jvm.codegen.IrCallGenerator.genValueAndPut(IrCallGenerator.kt:48)
	at org.jetbrains.kotlin.backend.jvm.codegen.ExpressionCodegen.visitCall$handleParameter(ExpressionCodegen.kt:564)
	at org.jetbrains.kotlin.backend.jvm.codegen.ExpressionCodegen.visitCall(ExpressionCodegen.kt:577)
	at org.jetbrains.kotlin.backend.jvm.codegen.ExpressionCodegen.visitCall(ExpressionCodegen.kt:135)
	at org.jetbrains.kotlin.ir.expressions.IrCall.accept(IrCall.kt:24)
	at org.jetbrains.kotlin.backend.jvm.codegen.ExpressionCodegen.gen(ExpressionCodegen.kt:214)
	at org.jetbrains.kotlin.backend.jvm.codegen.IrCallGenerator.genValueAndPut(IrCallGenerator.kt:48)
	at org.jetbrains.kotlin.backend.jvm.codegen.ExpressionCodegen.visitCall$handleParameter(ExpressionCodegen.kt:564)
	at org.jetbrains.kotlin.backend.jvm.codegen.ExpressionCodegen.visitCall(ExpressionCodegen.kt:577)
	at org.jetbrains.kotlin.backend.jvm.codegen.ExpressionCodegen.visitCall(ExpressionCodegen.kt:135)
	at org.jetbrains.kotlin.ir.expressions.IrCall.accept(IrCall.kt:24)
	at org.jetbrains.kotlin.backend.jvm.codegen.ExpressionCodegen.visitStatementContainer(ExpressionCodegen.kt:527)
	at org.jetbrains.kotlin.backend.jvm.codegen.ExpressionCodegen.visitContainerExpression(ExpressionCodegen.kt:541)
	at org.jetbrains.kotlin.backend.jvm.codegen.ExpressionCodegen.visitContainerExpression(ExpressionCodegen.kt:135)
	at org.jetbrains.kotlin.ir.visitors.IrVisitor.visitBlock(IrVisitor.kt:122)
	at org.jetbrains.kotlin.backend.jvm.codegen.ExpressionCodegen.visitBlock(ExpressionCodegen.kt:413)
	at org.jetbrains.kotlin.backend.jvm.codegen.ExpressionCodegen.visitBlock(ExpressionCodegen.kt:135)
	at org.jetbrains.kotlin.ir.expressions.IrBlock.accept(IrBlock.kt:18)
	at org.jetbrains.kotlin.backend.jvm.codegen.ExpressionCodegen.visitWhen(ExpressionCodegen.kt:1049)
	at org.jetbrains.kotlin.backend.jvm.codegen.ExpressionCodegen.visitWhen(ExpressionCodegen.kt:135)
	at org.jetbrains.kotlin.ir.expressions.IrWhen.accept(IrWhen.kt:24)
	at org.jetbrains.kotlin.backend.jvm.codegen.ExpressionCodegen.visitStatementContainer(ExpressionCodegen.kt:527)
	at org.jetbrains.kotlin.backend.jvm.codegen.ExpressionCodegen.visitBlockBody(ExpressionCodegen.kt:532)
	at org.jetbrains.kotlin.backend.jvm.codegen.ExpressionCodegen.visitBlockBody(ExpressionCodegen.kt:135)
	at org.jetbrains.kotlin.ir.expressions.IrBlockBody.accept(IrBlockBody.kt:20)
	at org.jetbrains.kotlin.backend.jvm.codegen.ExpressionCodegen.generate(ExpressionCodegen.kt:233)
	at org.jetbrains.kotlin.backend.jvm.codegen.FunctionCodegen.doGenerate(FunctionCodegen.kt:126)
	at org.jetbrains.kotlin.backend.jvm.codegen.FunctionCodegen.generate(FunctionCodegen.kt:47)
	... 46 more


error message: Daemon compilation failed: null
java.lang.Exception
	at org.jetbrains.kotlin.daemon.common.CompileService$CallResult$Error.get(CompileService.kt:69)
	at org.jetbrains.kotlin.daemon.common.CompileService$CallResult$Error.get(CompileService.kt:65)
	at org.jetbrains.kotlin.compilerRunner.GradleKotlinCompilerWork.compileWithDaemon(GradleKotlinCompilerWork.kt:240)
	at org.jetbrains.kotlin.compilerRunner.GradleKotlinCompilerWork.compileWithDaemonOrFallbackImpl(GradleKotlinCompilerWork.kt:159)
	at org.jetbrains.kotlin.compilerRunner.GradleKotlinCompilerWork.run(GradleKotlinCompilerWork.kt:111)
	at org.jetbrains.kotlin.compilerRunner.GradleCompilerRunnerWithWorkers$GradleKotlinCompilerWorkAction.execute(GradleCompilerRunnerWithWorkers.kt:74)
	at org.gradle.workers.internal.DefaultWorkerServer.execute(DefaultWorkerServer.java:68)
	at org.gradle.workers.internal.NoIsolationWorkerFactory$1$1.create(NoIsolationWorkerFactory.java:64)
	at org.gradle.workers.internal.NoIsolationWorkerFactory$1$1.create(NoIsolationWorkerFactory.java:61)
	at org.gradle.internal.classloader.ClassLoaderUtils.executeInClassloader(ClassLoaderUtils.java:102)
	at org.gradle.workers.internal.NoIsolationWorkerFactory$1.lambda$execute$0(NoIsolationWorkerFactory.java:61)
	at org.gradle.workers.internal.AbstractWorker$1.call(AbstractWorker.java:44)
	at org.gradle.workers.internal.AbstractWorker$1.call(AbstractWorker.java:41)
	at org.gradle.internal.operations.DefaultBuildOperationRunner$CallableBuildOperationWorker.execute(DefaultBuildOperationRunner.java:210)
	at org.gradle.internal.operations.DefaultBuildOperationRunner$CallableBuildOperationWorker.execute(DefaultBuildOperationRunner.java:205)
	at org.gradle.internal.operations.DefaultBuildOperationRunner$2.execute(DefaultBuildOperationRunner.java:67)
	at org.gradle.internal.operations.DefaultBuildOperationRunner$2.execute(DefaultBuildOperationRunner.java:60)
	at org.gradle.internal.operations.DefaultBuildOperationRunner.execute(DefaultBuildOperationRunner.java:167)
	at org.gradle.internal.operations.DefaultBuildOperationRunner.execute(DefaultBuildOperationRunner.java:60)
	at org.gradle.internal.operations.DefaultBuildOperationRunner.call(DefaultBuildOperationRunner.java:54)
	at org.gradle.workers.internal.AbstractWorker.executeWrappedInBuildOperation(AbstractWorker.java:41)
	at org.gradle.workers.internal.NoIsolationWorkerFactory$1.execute(NoIsolationWorkerFactory.java:58)
	at org.gradle.workers.internal.DefaultWorkerExecutor.lambda$submitWork$0(DefaultWorkerExecutor.java:176)
	at java.base/java.util.concurrent.FutureTask.run(FutureTask.java:317)
	at org.gradle.internal.work.DefaultConditionalExecutionQueue$ExecutionRunner.runExecution(DefaultConditionalExecutionQueue.java:194)
	at org.gradle.internal.work.DefaultConditionalExecutionQueue$ExecutionRunner.access$700(DefaultConditionalExecutionQueue.java:127)
	at org.gradle.internal.work.DefaultConditionalExecutionQueue$ExecutionRunner$1.run(DefaultConditionalExecutionQueue.java:169)
	at org.gradle.internal.Factories$1.create(Factories.java:30)
	at org.gradle.internal.work.DefaultWorkerLeaseService.lambda$withLocksAcquired$0(DefaultWorkerLeaseService.java:275)
	at org.gradle.internal.work.ResourceLockStatistics$1.measure(ResourceLockStatistics.java:43)
	at org.gradle.internal.work.DefaultWorkerLeaseService.withLocksAcquired(DefaultWorkerLeaseService.java:273)
	at org.gradle.internal.work.DefaultWorkerLeaseService.withLocks(DefaultWorkerLeaseService.java:265)
	at org.gradle.internal.work.DefaultWorkerLeaseService.runAsWorkerThread(DefaultWorkerLeaseService.java:128)
	at org.gradle.internal.work.DefaultWorkerLeaseService.runAsWorkerThread(DefaultWorkerLeaseService.java:133)
	at org.gradle.internal.work.DefaultConditionalExecutionQueue$ExecutionRunner.runBatch(DefaultConditionalExecutionQueue.java:164)
	at org.gradle.internal.work.DefaultConditionalExecutionQueue$ExecutionRunner.run(DefaultConditionalExecutionQueue.java:133)
	at java.base/java.util.concurrent.Executors$RunnableAdapter.call(Executors.java:572)
	at java.base/java.util.concurrent.FutureTask.run(FutureTask.java:317)
	at org.gradle.internal.concurrent.ExecutorPolicy$CatchAndRecordFailures.onExecute(ExecutorPolicy.java:64)
	at org.gradle.internal.concurrent.AbstractManagedExecutor$1.run(AbstractManagedExecutor.java:47)
	at java.base/java.util.concurrent.ThreadPoolExecutor.runWorker(ThreadPoolExecutor.java:1144)
	at java.base/java.util.concurrent.ThreadPoolExecutor$Worker.run(ThreadPoolExecutor.java:642)
	at java.base/java.lang.Thread.run(Thread.java:1583)
Caused by: java.nio.file.NoSuchFileException: /var/folders/kr/rq09ns2j1wx8pggk89d6blnc0000gn/T/kotlin-backups12972958445553541733/25.backup -> /Users/hiepdang26/Documents/Workspace/AndroidProject/IOSLauncher/ios17launcher/build/intermediates/built_in_kotlinc/debug/compileDebugKotlin/classes/com/cloudx/ios17/features/launcher/LauncherActivity$showSwipeSearchContainer$1.class
	at java.base/sun.nio.fs.UnixException.translateToIOException(UnixException.java:92)
	at java.base/sun.nio.fs.UnixException.rethrowAsIOException(UnixException.java:106)
	at java.base/sun.nio.fs.UnixFileSystem.move(UnixFileSystem.java:948)
	at java.base/sun.nio.fs.UnixFileSystemProvider.move(UnixFileSystemProvider.java:309)
	at java.base/java.nio.file.Files.move(Files.java:1431)
	at org.jetbrains.kotlin.incremental.RecoverableCompilationTransaction.revertChanges(CompilationTransaction.kt:231)
	at org.jetbrains.kotlin.incremental.RecoverableCompilationTransaction.close(CompilationTransaction.kt:256)
	at org.jetbrains.kotlin.incremental.IncrementalCompilerRunner.tryCompileIncrementally(IncrementalCompilerRunner.kt:740)
	at org.jetbrains.kotlin.incremental.IncrementalCompilerRunner.compile(IncrementalCompilerRunner.kt:124)
	at org.jetbrains.kotlin.daemon.CompileServiceImplBase.execIncrementalCompiler(CompileServiceImpl.kt:679)
	at org.jetbrains.kotlin.daemon.CompileServiceImplBase.access$execIncrementalCompiler(CompileServiceImpl.kt:93)
	at org.jetbrains.kotlin.daemon.CompileServiceImpl.compile(CompileServiceImpl.kt:1806)
	at java.base/jdk.internal.reflect.DirectMethodHandleAccessor.invoke(DirectMethodHandleAccessor.java:103)
	at java.base/java.lang.reflect.Method.invoke(Method.java:580)
	at java.rmi/sun.rmi.server.UnicastServerRef.dispatch(UnicastServerRef.java:360)
	at java.rmi/sun.rmi.transport.Transport$1.run(Transport.java:200)
	at java.rmi/sun.rmi.transport.Transport$1.run(Transport.java:197)
	at java.base/java.security.AccessController.doPrivileged(AccessController.java:714)
	at java.rmi/sun.rmi.transport.Transport.serviceCall(Transport.java:196)
	at java.rmi/sun.rmi.transport.tcp.TCPTransport.handleMessages(TCPTransport.java:598)
	at java.rmi/sun.rmi.transport.tcp.TCPTransport$ConnectionHandler.run0(TCPTransport.java:844)
	at java.rmi/sun.rmi.transport.tcp.TCPTransport$ConnectionHandler.lambda$run$0(TCPTransport.java:721)
	at java.base/java.security.AccessController.doPrivileged(AccessController.java:400)
	at java.rmi/sun.rmi.transport.tcp.TCPTransport$ConnectionHandler.run(TCPTransport.java:720)
	... 3 more


